Flutter crash report.
Please report a bug at https://github.com/flutter/flutter/issues.

## command

flutter pub add open_file_plus:any --directory=D:\project\GitHub\wenzflow\wenzflow_flutter & D:\soft\dev\flutter/bin/internal/exit_with_errorlevel.bat

## exception

FileSystemException: FileSystemException: Exists failed, path = 'D:\project\GitHub\wenzflow\wenzflow_flutter & D:\soft\dev\flutter/bin/internal/exit_with_errorlevel.bat' (OS Error: 文件名、目录名或卷标语法不正确。, errno = 123)

```
#0      _Directory.existsSync (dart:io/directory_impl.dart:97:7)
#1      ForwardingFileSystemEntity.existsSync (package:file/src/forwarding/forwarding_file_system_entity.dart:43:33)
#2      ErrorHandlingDirectory.existsSync.<anonymous closure> (package:flutter_tools/src/base/error_handling_io.dart:461:22)
#3      _runSync (package:flutter_tools/src/base/error_handling_io.dart:552:14)
#4      ErrorHandlingDirectory.existsSync (package:flutter_tools/src/base/error_handling_io.dart:460:12)
#5      findProjectRoot (package:flutter_tools/src/base/os.dart:602:27)
#6      PackagesGetCommand.runCommand (package:flutter_tools/src/commands/packages.dart:281:16)
#7      FlutterCommand.verifyThenRunCommand (package:flutter_tools/src/runner/flutter_command.dart:1938:12)
<asynchronous suspension>
#8      FlutterCommand.run.<anonymous closure> (package:flutter_tools/src/runner/flutter_command.dart:1590:27)
<asynchronous suspension>
#9      AppContext.run.<anonymous closure> (package:flutter_tools/src/base/context.dart:154:19)
<asynchronous suspension>
#10     CommandRunner.runCommand (package:args/command_runner.dart:212:13)
<asynchronous suspension>
#11     FlutterCommandRunner.runCommand.<anonymous closure> (package:flutter_tools/src/runner/flutter_command_runner.dart:496:9)
<asynchronous suspension>
#12     AppContext.run.<anonymous closure> (package:flutter_tools/src/base/context.dart:154:19)
<asynchronous suspension>
#13     FlutterCommandRunner.runCommand (package:flutter_tools/src/runner/flutter_command_runner.dart:431:5)
<asynchronous suspension>
#14     FlutterCommandRunner.run.<anonymous closure> (package:flutter_tools/src/runner/flutter_command_runner.dart:307:33)
<asynchronous suspension>
#15     run.<anonymous closure>.<anonymous closure> (package:flutter_tools/runner.dart:104:11)
<asynchronous suspension>
#16     AppContext.run.<anonymous closure> (package:flutter_tools/src/base/context.dart:154:19)
<asynchronous suspension>
#17     main (package:flutter_tools/executable.dart:103:3)
<asynchronous suspension>
```

## flutter doctor

```
[✓] Flutter (Channel stable, 3.41.2, on Microsoft Windows [版本 10.0.26200.8457], locale zh-CN) [425ms]
    • Flutter version 3.41.2 on channel stable at D:\soft\dev\flutter
    • Upstream repository https://github.com/flutter/flutter.git
    • Framework revision 90673a4eef (3 months ago), 2026-02-18 13:54:59 -0800
    • Engine revision 6c0baaebf7
    • Dart version 3.11.0
    • DevTools version 2.54.1
    • Pub download mirror https://pub.flutter-io.cn
    • Flutter download mirror https://storage.flutter-io.cn
    • Feature flags: enable-web, enable-linux-desktop, enable-macos-desktop, enable-windows-desktop, enable-android, enable-ios, cli-animations, enable-native-assets, omit-legacy-version-file, enable-lldb-debugging, enable-uiscene-migration

[✓] Windows Version (Windows 11 or higher, 25H2, 2009) [1,921ms]

[✓] Android toolchain - develop for Android devices (Android SDK version 36.1.0) [8.5s]
    • Android SDK at C:\Users\98000\AppData\Local\Android\sdk
    • Emulator version 35.6.11.0 (build_id 13610412) (CL:N/A)
    • Platform android-36.1, build-tools 36.1.0
    • Java binary at: C:\Users\98000\AppData\Local\Programs\Android Studio\jbr\bin\java
      This is the JDK bundled with the latest Android Studio installation on this machine.
      To manually set the JDK path, use: `flutter config --jdk-dir="path/to/jdk"`.
    • Java version OpenJDK Runtime Environment (build 21.0.8+-14196175-b1038.72)
    • All Android licenses accepted.

[✓] Chrome - develop for the web [158ms]
    • Chrome at C:\Program Files\Google\Chrome\Application\chrome.exe

[✓] Visual Studio - develop Windows apps (Visual Studio Community 2022 17.14.2) [156ms]
    • Visual Studio at C:\Program Files\Microsoft Visual Studio\2022\Community
    • Visual Studio Community 2022 version 17.14.36121.58
    • Windows 10 SDK version 10.0.26100.0

[✓] Connected device (4 available) [509ms]
    • 25060RK16C (wireless) (mobile) • adb-NREA9TL765DYVKOF-bwHoP0._adb-tls-connect._tcp • android-arm64  • Android 16 (API 36)
    • Windows (desktop)              • windows                                           • windows-x64    • Microsoft Windows [版本 10.0.26200.8457]
    • Chrome (web)                   • chrome                                            • web-javascript • Google Chrome 148.0.7778.179
    • Edge (web)                     • edge                                              • web-javascript • Microsoft Edge 148.0.3967.54

[!] Network resources [22.0s]
    ✗ An HTTP error occurred while checking "https://github.com/": 信号灯超时时间已到

! Doctor found issues in 1 category.
```
