00:00 +0: loading test/agent_basic_test.dart

=== 所有测试完成 ===

00:00 +0: (setUpAll)

=== 测试配置 ===
API URL: https://token-plan-cn.xiaomimimo.com/v1
API Model: mimo-v2-pro
Employee ID: test-1775596591388
Device ID: device-1775596591388

00:00 +0: 基础功能测试 ✅ 发送消息并收到回复
[LangChainChatAdapter] updateProvider called with: {provider: openai, model: mimo-v2-pro, apiKey: tp-cjvnmtag2lq39yopb10izmnz10lrwpl7m14lo1zcw1gsbper, baseUrl: https://token-plan-cn.xiaomimimo.com/v1, options: {temperature: 0.7}, organization: null}
[LangChainChatAdapter] parsed config: provider=LLMProvider.openai, model=mimo-v2-pro, baseUrl=https://token-plan-cn.xiaomimimo.com/v1
[LangChainChatAdapter] config validated successfully
[LangChainChatAdapter] _chatModel created: openai-chat

--- 测试：发送消息并收到回复 ---
[CachedAgentProxy] 客户端生成消息ID: 99a32253-bc75-4285-abc2-c2c44a114eae
[CachedAgentProxy] 创建本地消息: ID=99a32253-bc75-4285-abc2-c2c44a114eae, role=user
[CachedAgentProxy] 发送消息到远程: ID=99a32253-bc75-4285-abc2-c2c44a114eae
[AgentProxy] sendMessage isLocalMode: true
[AgentProxy] 消息ID: 99a32253-bc75-4285-abc2-c2c44a114eae (客户端提供)
[AgentProxy] inputWithId.id: 99a32253-bc75-4285-abc2-c2c44a114eae
[AgentProxy] 调用本地Agent sendMessage
[AgentImpl] sendMessage: 你好，请简单回复"测试成功"
[AgentImpl] 使用客户端提供的消息ID: 99a32253-bc75-4285-abc2-c2c44a114eae (强制覆盖metadata)
[AgentImpl] 提交消息到处理器，最终消息ID: 99a32253-bc75-4285-abc2-c2c44a114eae
[MessageProcessor] submitMessage: 99a32253-bc75-4285-abc2-c2c44a114eae
[MessageProcessor] message queued, queue length: 1
[MessageProcessor] current status: AgentStatus.idle
[MessageProcessor] status is idle, calling _processNext
[MessageProcessor] _processNext called, disposed: false
[MessageProcessor] processing message: 99a32253-bc75-4285-abc2-c2c44a114eae
[MessageProcessor] _processMessage: 99a32253-bc75-4285-abc2-c2c44a114eae
[PersistentChatAdapter] streamMessage called: 你好，请简单回复"测试成功"
[PersistentChatAdapter] currentSessionUuid: test-1775596591388
[PersistentChatAdapter] providerConfig: {provider: openai, model: mimo-v2-pro, apiKey: tp-cjvnmtag2lq39yopb10izmnz10lrwpl7m14lo1zcw1gsbper, baseUrl: https://token-plan-cn.xiaomimimo.com/v1, options: {temperature: 0.7}, organization: null}
[PersistentChatAdapter] messages before: 0
[CachedAgentProxy] AgentProxy返回的消息ID: 99a32253-bc75-4285-abc2-c2c44a114eae
发送消息ID: 99a32253-bc75-4285-abc2-c2c44a114eae
[LangChainChatAdapter] streamMessage called
[LangChainChatAdapter] _chatModel: openai-chat
[LangChainChatAdapter] _providerConfig: ProviderConfig(provider: LLMProvider.openai, model: mimo-v2-pro)
[LangChainChatAdapter] currentEmployeeUuid: test-1775596591388
[LangChainChatAdapter] 使用客户端提供的消息ID: 99a32253-bc75-4285-abc2-c2c44a114eae
[LangChainChatAdapter] calling LLM, messages count: 1, hasTools: false
[PersistentChatAdapter] response: CHUNK: 测试成功
[MessageProcessor] response: CHUNK: 测试成功
[PersistentChatAdapter] persisting new messages immediately, before: 0, now: 1
[PersistentChatAdapter] _persistNewMessages: before=0, after=1
[PersistentChatAdapter] _persistNewMessages: persisting 1 new messages
[PersistentChatAdapter] _persistNewMessages: persisting message 99a32253-bc75-4285-abc2-c2c44a114eae
[PersistenceQueue] Task added: PersistenceTaskType.message (msg_99a32253-bc75-4285-abc2-c2c44a114eae_1775596594094), queue length: 1
[PersistenceQueue] Starting to process queue, 1 tasks pending
[PersistenceQueue] Processing task: PersistenceTaskType.message (msg_99a32253-bc75-4285-abc2-c2c44a114eae_1775596594094), retry: 0/3
[PersistenceQueue] Task completed: PersistenceTaskType.message (msg_99a32253-bc75-4285-abc2-c2c44a114eae_1775596594094)
[PersistenceQueue] Queue empty, processing stopped
[PersistentChatAdapter] response: DONE
[MessageProcessor] response: DONE
[MessageProcessor] message completed: 99a32253-bc75-4285-abc2-c2c44a114eae
[PersistentChatAdapter] finally block: persisting 2 new messages
[PersistentChatAdapter] _persistNewMessages: before=0, after=2
[PersistentChatAdapter] _persistNewMessages: persisting 2 new messages
[PersistentChatAdapter] _persistNewMessages: message 99a32253-bc75-4285-abc2-c2c44a114eae already persisted, skipping
[PersistentChatAdapter] _persistNewMessages: persisting message 33ea7cdc-0489-4451-9a89-7ad27944a0f4
[PersistenceQueue] Task added: PersistenceTaskType.message (msg_33ea7cdc-0489-4451-9a89-7ad27944a0f4_1775596594244), queue length: 1
[PersistenceQueue] Starting to process queue, 1 tasks pending
[PersistenceQueue] Processing task: PersistenceTaskType.message (msg_33ea7cdc-0489-4451-9a89-7ad27944a0f4_1775596594244), retry: 0/3
[MessageProcessor] _processNext called, disposed: false
[MessageProcessor] queue is empty, setting status to idle
消息数量: 2
用户消息: 你好，请简单回复"测试成功"
助手回复: 测试成功
✅ 通过

[PersistenceQueue] Disposing, 0 tasks in queue
[PersistenceQueue] Task completed: PersistenceTaskType.message (msg_33ea7cdc-0489-4451-9a89-7ad27944a0f4_1775596594244)
[PersistenceQueue] Queue empty, processing stopped
[PersistenceQueue] Disposed, statistics: total=2, completed=2, failed=0, remaining=0
00:03 +1: 基础功能测试 ✅ 消息ID一致性
[LangChainChatAdapter] updateProvider called with: {provider: openai, model: mimo-v2-pro, apiKey: tp-cjvnmtag2lq39yopb10izmnz10lrwpl7m14lo1zcw1gsbper, baseUrl: https://token-plan-cn.xiaomimimo.com/v1, options: {temperature: 0.7}, organization: null}
[LangChainChatAdapter] parsed config: provider=LLMProvider.openai, model=mimo-v2-pro, baseUrl=https://token-plan-cn.xiaomimimo.com/v1
[LangChainChatAdapter] config validated successfully
[LangChainChatAdapter] _chatModel created: openai-chat

--- 测试：消息ID一致性 ---
客户端生成的消息ID: 66a8a98d-13e4-4a66-b6e1-15a06283fc4d
[CachedAgentProxy] 客户端生成消息ID: 66a8a98d-13e4-4a66-b6e1-15a06283fc4d
[CachedAgentProxy] 创建本地消息: ID=66a8a98d-13e4-4a66-b6e1-15a06283fc4d, role=user
[CachedAgentProxy] 发送消息到远程: ID=66a8a98d-13e4-4a66-b6e1-15a06283fc4d
[AgentProxy] sendMessage isLocalMode: true
[AgentProxy] 消息ID: 66a8a98d-13e4-4a66-b6e1-15a06283fc4d (客户端提供)
[AgentProxy] inputWithId.id: 66a8a98d-13e4-4a66-b6e1-15a06283fc4d
[AgentProxy] 调用本地Agent sendMessage
[AgentImpl] sendMessage: 测试ID一致性
[AgentImpl] 使用客户端提供的消息ID: 66a8a98d-13e4-4a66-b6e1-15a06283fc4d (强制覆盖metadata)
[AgentImpl] 提交消息到处理器，最终消息ID: 66a8a98d-13e4-4a66-b6e1-15a06283fc4d
[MessageProcessor] submitMessage: 66a8a98d-13e4-4a66-b6e1-15a06283fc4d
[MessageProcessor] message queued, queue length: 1
[MessageProcessor] current status: AgentStatus.idle
[MessageProcessor] status is idle, calling _processNext
[MessageProcessor] _processNext called, disposed: false
[MessageProcessor] processing message: 66a8a98d-13e4-4a66-b6e1-15a06283fc4d
[MessageProcessor] _processMessage: 66a8a98d-13e4-4a66-b6e1-15a06283fc4d
[PersistentChatAdapter] streamMessage called: 测试ID一致性
[PersistentChatAdapter] currentSessionUuid: test-1775596591388
[PersistentChatAdapter] providerConfig: {provider: openai, model: mimo-v2-pro, apiKey: tp-cjvnmtag2lq39yopb10izmnz10lrwpl7m14lo1zcw1gsbper, baseUrl: https://token-plan-cn.xiaomimimo.com/v1, options: {temperature: 0.7}, organization: null}
[PersistentChatAdapter] messages before: 0
[CachedAgentProxy] AgentProxy返回的消息ID: 66a8a98d-13e4-4a66-b6e1-15a06283fc4d
返回的消息ID: 66a8a98d-13e4-4a66-b6e1-15a06283fc4d
[LangChainChatAdapter] streamMessage called
[LangChainChatAdapter] _chatModel: openai-chat
[LangChainChatAdapter] _providerConfig: ProviderConfig(provider: LLMProvider.openai, model: mimo-v2-pro)
[LangChainChatAdapter] currentEmployeeUuid: test-1775596591388
[LangChainChatAdapter] 使用客户端提供的消息ID: 66a8a98d-13e4-4a66-b6e1-15a06283fc4d
[LangChainChatAdapter] calling LLM, messages count: 1, hasTools: false
[PersistentChatAdapter] response: CHUNK: 你好！
[MessageProcessor] response: CHUNK: 你好！
[PersistentChatAdapter] persisting new messages immediately, before: 0, now: 1
[PersistentChatAdapter] _persistNewMessages: before=0, after=1
[PersistentChatAdapter] _persistNewMessages: persisting 1 new messages
[PersistentChatAdapter] _persistNewMessages: persisting message 66a8a98d-13e4-4a66-b6e1-15a06283fc4d
[PersistenceQueue] Task added: PersistenceTaskType.message (msg_66a8a98d-13e4-4a66-b6e1-15a06283fc4d_1775596599077), queue length: 1
[PersistenceQueue] Starting to process queue, 1 tasks pending
[PersistenceQueue] Processing task: PersistenceTaskType.message (msg_66a8a98d-13e4-4a66-b6e1-15a06283fc4d_1775596599077), retry: 0/3
[PersistenceQueue] Task completed: PersistenceTaskType.message (msg_66a8a98d-13e4-4a66-b6e1-15a06283fc4d_1775596599077)
[PersistenceQueue] Queue empty, processing stopped
[PersistentChatAdapter] response: CHUNK: 我是Mi
[MessageProcessor] response: CHUNK: 我是Mi
[PersistentChatAdapter] persisting new messages immediately, before: 0, now: 1
[PersistentChatAdapter] _persistNewMessages: before=0, after=1
[PersistentChatAdapter] _persistNewMessages: persisting 1 new messages
[PersistentChatAdapter] _persistNewMessages: message 66a8a98d-13e4-4a66-b6e1-15a06283fc4d already persisted, skipping
[PersistentChatAdapter] response: CHUNK: Mo-v
[MessageProcessor] response: CHUNK: Mo-v
[PersistentChatAdapter] persisting new messages immediately, before: 0, now: 1
[PersistentChatAdapter] _persistNewMessages: before=0, after=1
[PersistentChatAdapter] _persistNewMessages: persisting 1 new messages
[PersistentChatAdapter] _persistNewMessages: message 66a8a98d-13e4-4a66-b6e1-15a06283fc4d already persisted, skipping
[PersistentChatAdapter] response: CHUNK: 2-pro，由
[MessageProcessor] response: CHUNK: 2-pro，由
[PersistentChatAdapter] persisting new messages immediately, before: 0, now: 1
[PersistentChatAdapter] _persistNewMessages: before=0, after=1
[PersistentChatAdapter] _persistNewMessages: persisting 1 new messages
[PersistentChatAdapter] _persistNewMessages: message 66a8a98d-13e4-4a66-b6e1-15a06283fc4d already persisted, skipping
[PersistentChatAdapter] response: CHUNK: 小米Mi
[MessageProcessor] response: CHUNK: 小米Mi
[PersistentChatAdapter] persisting new messages immediately, before: 0, now: 1
[PersistentChatAdapter] _persistNewMessages: before=0, after=1
[PersistentChatAdapter] _persistNewMessages: persisting 1 new messages
[PersistentChatAdapter] _persistNewMessages: message 66a8a98d-13e4-4a66-b6e1-15a06283fc4d already persisted, skipping
[PersistentChatAdapter] response: CHUNK: Mo团队开发。
[MessageProcessor] response: CHUNK: Mo团队开发。
[PersistentChatAdapter] persisting new messages immediately, before: 0, now: 1
[PersistentChatAdapter] _persistNewMessages: before=0, after=1
[PersistentChatAdapter] _persistNewMessages: persisting 1 new messages
[PersistentChatAdapter] _persistNewMessages: message 66a8a98d-13e4-4a66-b6e1-15a06283fc4d already persisted, skipping
[PersistentChatAdapter] response: CHUNK: 我
[MessageProcessor] response: CHUNK: 我
[PersistentChatAdapter] persisting new messages immediately, before: 0, now: 1
[PersistentChatAdapter] _persistNewMessages: before=0, after=1
[PersistentChatAdapter] _persistNewMessages: persisting 1 new messages
[PersistentChatAdapter] _persistNewMessages: message 66a8a98d-13e4-4a66-b6e1-15a06283fc4d already persisted, skipping
[PersistentChatAdapter] response: CHUNK: 拥有
[MessageProcessor] response: CHUNK: 拥有
[PersistentChatAdapter] persisting new messages immediately, before: 0, now: 1
[PersistentChatAdapter] _persistNewMessages: before=0, after=1
[PersistentChatAdapter] _persistNewMessages: persisting 1 new messages
[PersistentChatAdapter] _persistNewMessages: message 66a8a98d-13e4-4a66-b6e1-15a06283fc4d already persisted, skipping
[PersistentChatAdapter] response: CHUNK: 1T参数和
[MessageProcessor] response: CHUNK: 1T参数和
[PersistentChatAdapter] persisting new messages immediately, before: 0, now: 1
[PersistentChatAdapter] _persistNewMessages: before=0, after=1
[PersistentChatAdapter] _persistNewMessages: persisting 1 new messages
[PersistentChatAdapter] _persistNewMessages: message 66a8a98d-13e4-4a66-b6e1-15a06283fc4d already persisted, skipping
[PersistentChatAdapter] response: CHUNK: 1M-token的
[MessageProcessor] response: CHUNK: 1M-token的
[PersistentChatAdapter] persisting new messages immediately, before: 0, now: 1
[PersistentChatAdapter] _persistNewMessages: before=0, after=1
[PersistentChatAdapter] _persistNewMessages: persisting 1 new messages
[PersistentChatAdapter] _persistNewMessages: message 66a8a98d-13e4-4a66-b6e1-15a06283fc4d already persisted, skipping
[PersistentChatAdapter] response: CHUNK: 上下文窗口。
[MessageProcessor] response: CHUNK: 上下文窗口。
[PersistentChatAdapter] persisting new messages immediately, before: 0, now: 1
[PersistentChatAdapter] _persistNewMessages: before=0, after=1
[PersistentChatAdapter] _persistNewMessages: persisting 1 new messages
[PersistentChatAdapter] _persistNewMessages: message 66a8a98d-13e4-4a66-b6e1-15a06283fc4d already persisted, skipping
[PersistentChatAdapter] response: CHUNK: 如果你有任何
[MessageProcessor] response: CHUNK: 如果你有任何
[PersistentChatAdapter] persisting new messages immediately, before: 0, now: 1
[PersistentChatAdapter] _persistNewMessages: before=0, after=1
[PersistentChatAdapter] _persistNewMessages: persisting 1 new messages
[PersistentChatAdapter] _persistNewMessages: message 66a8a98d-13e4-4a66-b6e1-15a06283fc4d already persisted, skipping
[PersistentChatAdapter] response: CHUNK: 问题
[MessageProcessor] response: CHUNK: 问题
[PersistentChatAdapter] persisting new messages immediately, before: 0, now: 1
[PersistentChatAdapter] _persistNewMessages: before=0, after=1
[PersistentChatAdapter] _persistNewMessages: persisting 1 new messages
[PersistentChatAdapter] _persistNewMessages: message 66a8a98d-13e4-4a66-b6e1-15a06283fc4d already persisted, skipping
[PersistentChatAdapter] response: CHUNK: ，我很乐意帮助
[MessageProcessor] response: CHUNK: ，我很乐意帮助
[PersistentChatAdapter] persisting new messages immediately, before: 0, now: 1
[PersistentChatAdapter] _persistNewMessages: before=0, after=1
[PersistentChatAdapter] _persistNewMessages: persisting 1 new messages
[PersistentChatAdapter] _persistNewMessages: message 66a8a98d-13e4-4a66-b6e1-15a06283fc4d already persisted, skipping
[PersistentChatAdapter] response: CHUNK: 你！
[MessageProcessor] response: CHUNK: 你！
[PersistentChatAdapter] persisting new messages immediately, before: 0, now: 1
[PersistentChatAdapter] _persistNewMessages: before=0, after=1
[PersistentChatAdapter] _persistNewMessages: persisting 1 new messages
[PersistentChatAdapter] _persistNewMessages: message 66a8a98d-13e4-4a66-b6e1-15a06283fc4d already persisted, skipping
[PersistentChatAdapter] response: DONE
[MessageProcessor] response: DONE
[MessageProcessor] message completed: 66a8a98d-13e4-4a66-b6e1-15a06283fc4d
[PersistentChatAdapter] finally block: persisting 2 new messages
[PersistentChatAdapter] _persistNewMessages: before=0, after=2
[PersistentChatAdapter] _persistNewMessages: persisting 2 new messages
[PersistentChatAdapter] _persistNewMessages: message 66a8a98d-13e4-4a66-b6e1-15a06283fc4d already persisted, skipping
[PersistentChatAdapter] _persistNewMessages: persisting message 198f7a1f-e229-4e32-b4a0-55541253dcd4
[PersistenceQueue] Task added: PersistenceTaskType.message (msg_198f7a1f-e229-4e32-b4a0-55541253dcd4_1775596599679), queue length: 1
[PersistenceQueue] Starting to process queue, 1 tasks pending
[PersistenceQueue] Processing task: PersistenceTaskType.message (msg_198f7a1f-e229-4e32-b4a0-55541253dcd4_1775596599679), retry: 0/3
[MessageProcessor] _processNext called, disposed: false
[MessageProcessor] queue is empty, setting status to idle
✅ 通过

[PersistenceQueue] Disposing, 0 tasks in queue
[PersistenceQueue] Task completed: PersistenceTaskType.message (msg_198f7a1f-e229-4e32-b4a0-55541253dcd4_1775596599679)
[PersistenceQueue] Queue empty, processing stopped
[PersistenceQueue] Disposed, statistics: total=2, completed=2, failed=0, remaining=0
00:08 +2: 基础功能测试 ✅ 消息不重复
[LangChainChatAdapter] updateProvider called with: {provider: openai, model: mimo-v2-pro, apiKey: tp-cjvnmtag2lq39yopb10izmnz10lrwpl7m14lo1zcw1gsbper, baseUrl: https://token-plan-cn.xiaomimimo.com/v1, options: {temperature: 0.7}, organization: null}
[LangChainChatAdapter] parsed config: provider=LLMProvider.openai, model=mimo-v2-pro, baseUrl=https://token-plan-cn.xiaomimimo.com/v1
[LangChainChatAdapter] config validated successfully
[LangChainChatAdapter] _chatModel created: openai-chat

--- 测试：消息不重复 ---
[CachedAgentProxy] 客户端生成消息ID: efda4ea9-b66b-4948-a20a-7a0a7561df17
[CachedAgentProxy] 创建本地消息: ID=efda4ea9-b66b-4948-a20a-7a0a7561df17, role=user
[CachedAgentProxy] 发送消息到远程: ID=efda4ea9-b66b-4948-a20a-7a0a7561df17
[AgentProxy] sendMessage isLocalMode: true
[AgentProxy] 消息ID: efda4ea9-b66b-4948-a20a-7a0a7561df17 (客户端提供)
[AgentProxy] inputWithId.id: efda4ea9-b66b-4948-a20a-7a0a7561df17
[AgentProxy] 调用本地Agent sendMessage
[AgentImpl] sendMessage: 测试消息不重复
[AgentImpl] 使用客户端提供的消息ID: efda4ea9-b66b-4948-a20a-7a0a7561df17 (强制覆盖metadata)
[AgentImpl] 提交消息到处理器，最终消息ID: efda4ea9-b66b-4948-a20a-7a0a7561df17
[MessageProcessor] submitMessage: efda4ea9-b66b-4948-a20a-7a0a7561df17
[MessageProcessor] message queued, queue length: 1
[MessageProcessor] current status: AgentStatus.idle
[MessageProcessor] status is idle, calling _processNext
[MessageProcessor] _processNext called, disposed: false
[MessageProcessor] processing message: efda4ea9-b66b-4948-a20a-7a0a7561df17
[MessageProcessor] _processMessage: efda4ea9-b66b-4948-a20a-7a0a7561df17
[PersistentChatAdapter] streamMessage called: 测试消息不重复
[PersistentChatAdapter] currentSessionUuid: test-1775596591388
[PersistentChatAdapter] providerConfig: {provider: openai, model: mimo-v2-pro, apiKey: tp-cjvnmtag2lq39yopb10izmnz10lrwpl7m14lo1zcw1gsbper, baseUrl: https://token-plan-cn.xiaomimimo.com/v1, options: {temperature: 0.7}, organization: null}
[PersistentChatAdapter] messages before: 0
[CachedAgentProxy] AgentProxy返回的消息ID: efda4ea9-b66b-4948-a20a-7a0a7561df17
[LangChainChatAdapter] streamMessage called
[LangChainChatAdapter] _chatModel: openai-chat
[LangChainChatAdapter] _providerConfig: ProviderConfig(provider: LLMProvider.openai, model: mimo-v2-pro)
[LangChainChatAdapter] currentEmployeeUuid: test-1775596591388
[LangChainChatAdapter] 使用客户端提供的消息ID: efda4ea9-b66b-4948-a20a-7a0a7561df17
[LangChainChatAdapter] calling LLM, messages count: 1, hasTools: false
[PersistentChatAdapter] response: CHUNK: 你好
[MessageProcessor] response: CHUNK: 你好
[PersistentChatAdapter] persisting new messages immediately, before: 0, now: 1
[PersistentChatAdapter] _persistNewMessages: before=0, after=1
[PersistentChatAdapter] _persistNewMessages: persisting 1 new messages
[PersistentChatAdapter] _persistNewMessages: persisting message efda4ea9-b66b-4948-a20a-7a0a7561df17
[PersistenceQueue] Task added: PersistenceTaskType.message (msg_efda4ea9-b66b-4948-a20a-7a0a7561df17_1775596602877), queue length: 1
[PersistenceQueue] Starting to process queue, 1 tasks pending
[PersistenceQueue] Processing task: PersistenceTaskType.message (msg_efda4ea9-b66b-4948-a20a-7a0a7561df17_1775596602877), retry: 0/3
[PersistenceQueue] Task completed: PersistenceTaskType.message (msg_efda4ea9-b66b-4948-a20a-7a0a7561df17_1775596602877)
[PersistenceQueue] Queue empty, processing stopped
[PersistentChatAdapter] response: CHUNK: 呀
[MessageProcessor] response: CHUNK: 呀
[PersistentChatAdapter] persisting new messages immediately, before: 0, now: 1
[PersistentChatAdapter] _persistNewMessages: before=0, after=1
[PersistentChatAdapter] _persistNewMessages: persisting 1 new messages
[PersistentChatAdapter] _persistNewMessages: message efda4ea9-b66b-4948-a20a-7a0a7561df17 already persisted, skipping
[PersistentChatAdapter] response: CHUNK: ！我是
[MessageProcessor] response: CHUNK: ！我是
[PersistentChatAdapter] persisting new messages immediately, before: 0, now: 1
[PersistentChatAdapter] _persistNewMessages: before=0, after=1
[PersistentChatAdapter] _persistNewMessages: persisting 1 new messages
[PersistentChatAdapter] _persistNewMessages: message efda4ea9-b66b-4948-a20a-7a0a7561df17 already persisted, skipping
[PersistentChatAdapter] response: CHUNK: 小米的Mi
[MessageProcessor] response: CHUNK: 小米的Mi
[PersistentChatAdapter] persisting new messages immediately, before: 0, now: 1
[PersistentChatAdapter] _persistNewMessages: before=0, after=1
[PersistentChatAdapter] _persistNewMessages: persisting 1 new messages
[PersistentChatAdapter] _persistNewMessages: message efda4ea9-b66b-4948-a20a-7a0a7561df17 already persisted, skipping
[PersistentChatAdapter] response: CHUNK: Mo，
[MessageProcessor] response: CHUNK: Mo，
[PersistentChatAdapter] persisting new messages immediately, before: 0, now: 1
[PersistentChatAdapter] _persistNewMessages: before=0, after=1
[PersistentChatAdapter] _persistNewMessages: persisting 1 new messages
[PersistentChatAdapter] _persistNewMessages: message efda4ea9-b66b-4948-a20a-7a0a7561df17 already persisted, skipping
[PersistentChatAdapter] response: CHUNK: 很高兴为你服务
[MessageProcessor] response: CHUNK: 很高兴为你服务
[PersistentChatAdapter] persisting new messages immediately, before: 0, now: 1
[PersistentChatAdapter] _persistNewMessages: before=0, after=1
[PersistentChatAdapter] _persistNewMessages: persisting 1 new messages
[PersistentChatAdapter] _persistNewMessages: message efda4ea9-b66b-4948-a20a-7a0a7561df17 already persisted, skipping
[PersistentChatAdapter] response: CHUNK: ～
[MessageProcessor] response: CHUNK: ～
[PersistentChatAdapter] persisting new messages immediately, before: 0, now: 1
[PersistentChatAdapter] _persistNewMessages: before=0, after=1
[PersistentChatAdapter] _persistNewMessages: persisting 1 new messages
[PersistentChatAdapter] _persistNewMessages: message efda4ea9-b66b-4948-a20a-7a0a7561df17 already persisted, skipping
[PersistentChatAdapter] response: CHUNK: 有什么我可以
[MessageProcessor] response: CHUNK: 有什么我可以
[PersistentChatAdapter] persisting new messages immediately, before: 0, now: 1
[PersistentChatAdapter] _persistNewMessages: before=0, after=1
[PersistentChatAdapter] _persistNewMessages: persisting 1 new messages
[PersistentChatAdapter] _persistNewMessages: message efda4ea9-b66b-4948-a20a-7a0a7561df17 already persisted, skipping
[PersistentChatAdapter] response: CHUNK: 帮你的
[MessageProcessor] response: CHUNK: 帮你的
[PersistentChatAdapter] persisting new messages immediately, before: 0, now: 1
[PersistentChatAdapter] _persistNewMessages: before=0, after=1
[PersistentChatAdapter] _persistNewMessages: persisting 1 new messages
[PersistentChatAdapter] _persistNewMessages: message efda4ea9-b66b-4948-a20a-7a0a7561df17 already persisted, skipping
[PersistentChatAdapter] response: CHUNK: 吗？
[MessageProcessor] response: CHUNK: 吗？
[PersistentChatAdapter] persisting new messages immediately, before: 0, now: 1
[PersistentChatAdapter] _persistNewMessages: before=0, after=1
[PersistentChatAdapter] _persistNewMessages: persisting 1 new messages
[PersistentChatAdapter] _persistNewMessages: message efda4ea9-b66b-4948-a20a-7a0a7561df17 already persisted, skipping
[PersistentChatAdapter] response: DONE
[MessageProcessor] response: DONE
[MessageProcessor] message completed: efda4ea9-b66b-4948-a20a-7a0a7561df17
[PersistentChatAdapter] finally block: persisting 2 new messages
[PersistentChatAdapter] _persistNewMessages: before=0, after=2
[PersistentChatAdapter] _persistNewMessages: persisting 2 new messages
[PersistentChatAdapter] _persistNewMessages: message efda4ea9-b66b-4948-a20a-7a0a7561df17 already persisted, skipping
[PersistentChatAdapter] _persistNewMessages: persisting message 1e9fb6b9-2d3c-4fa0-afc8-c2a1e851f8f7
[PersistenceQueue] Task added: PersistenceTaskType.message (msg_1e9fb6b9-2d3c-4fa0-afc8-c2a1e851f8f7_1775596603441), queue length: 1
[PersistenceQueue] Starting to process queue, 1 tasks pending
[PersistenceQueue] Processing task: PersistenceTaskType.message (msg_1e9fb6b9-2d3c-4fa0-afc8-c2a1e851f8f7_1775596603441), retry: 0/3
[MessageProcessor] _processNext called, disposed: false
[MessageProcessor] queue is empty, setting status to idle
第1次查询：2条消息，无重复
第2次查询：2条消息，无重复
第3次查询：2条消息，无重复
✅ 通过

[PersistenceQueue] Disposing, 0 tasks in queue
[PersistenceQueue] Task completed: PersistenceTaskType.message (msg_1e9fb6b9-2d3c-4fa0-afc8-c2a1e851f8f7_1775596603441)
[PersistenceQueue] Queue empty, processing stopped
[PersistenceQueue] Disposed, statistics: total=2, completed=2, failed=0, remaining=0
00:12 +3: 基础功能测试 ✅ 状态监听
[LangChainChatAdapter] updateProvider called with: {provider: openai, model: mimo-v2-pro, apiKey: tp-cjvnmtag2lq39yopb10izmnz10lrwpl7m14lo1zcw1gsbper, baseUrl: https://token-plan-cn.xiaomimimo.com/v1, options: {temperature: 0.7}, organization: null}
[LangChainChatAdapter] parsed config: provider=LLMProvider.openai, model=mimo-v2-pro, baseUrl=https://token-plan-cn.xiaomimimo.com/v1
[LangChainChatAdapter] config validated successfully
[LangChainChatAdapter] _chatModel created: openai-chat

--- 测试：状态监听 ---
[CachedAgentProxy] 客户端生成消息ID: f1e876af-7bf2-4aa8-9e71-caf74060ff3d
[CachedAgentProxy] 创建本地消息: ID=f1e876af-7bf2-4aa8-9e71-caf74060ff3d, role=user
[CachedAgentProxy] 发送消息到远程: ID=f1e876af-7bf2-4aa8-9e71-caf74060ff3d
[AgentProxy] sendMessage isLocalMode: true
[AgentProxy] 消息ID: f1e876af-7bf2-4aa8-9e71-caf74060ff3d (客户端提供)
[AgentProxy] inputWithId.id: f1e876af-7bf2-4aa8-9e71-caf74060ff3d
[AgentProxy] 调用本地Agent sendMessage
[AgentImpl] sendMessage: 测试状态监听
[AgentImpl] 使用客户端提供的消息ID: f1e876af-7bf2-4aa8-9e71-caf74060ff3d (强制覆盖metadata)
[AgentImpl] 提交消息到处理器，最终消息ID: f1e876af-7bf2-4aa8-9e71-caf74060ff3d
[MessageProcessor] submitMessage: f1e876af-7bf2-4aa8-9e71-caf74060ff3d
[MessageProcessor] message queued, queue length: 1
[MessageProcessor] current status: AgentStatus.idle
[MessageProcessor] status is idle, calling _processNext
[MessageProcessor] _processNext called, disposed: false
[MessageProcessor] processing message: f1e876af-7bf2-4aa8-9e71-caf74060ff3d
[MessageProcessor] _processMessage: f1e876af-7bf2-4aa8-9e71-caf74060ff3d
状态: AgentStatus.processing
[PersistentChatAdapter] streamMessage called: 测试状态监听
[PersistentChatAdapter] currentSessionUuid: test-1775596591388
[PersistentChatAdapter] providerConfig: {provider: openai, model: mimo-v2-pro, apiKey: tp-cjvnmtag2lq39yopb10izmnz10lrwpl7m14lo1zcw1gsbper, baseUrl: https://token-plan-cn.xiaomimimo.com/v1, options: {temperature: 0.7}, organization: null}
[PersistentChatAdapter] messages before: 0
[CachedAgentProxy] AgentProxy返回的消息ID: f1e876af-7bf2-4aa8-9e71-caf74060ff3d
[LangChainChatAdapter] streamMessage called
[LangChainChatAdapter] _chatModel: openai-chat
[LangChainChatAdapter] _providerConfig: ProviderConfig(provider: LLMProvider.openai, model: mimo-v2-pro)
[LangChainChatAdapter] currentEmployeeUuid: test-1775596591388
[LangChainChatAdapter] 使用客户端提供的消息ID: f1e876af-7bf2-4aa8-9e71-caf74060ff3d
[LangChainChatAdapter] calling LLM, messages count: 1, hasTools: false
[PersistentChatAdapter] response: CHUNK: 你好
[MessageProcessor] response: CHUNK: 你好
状态: AgentStatus.streaming
[PersistentChatAdapter] persisting new messages immediately, before: 0, now: 1
[PersistentChatAdapter] _persistNewMessages: before=0, after=1
[PersistentChatAdapter] _persistNewMessages: persisting 1 new messages
[PersistentChatAdapter] _persistNewMessages: persisting message f1e876af-7bf2-4aa8-9e71-caf74060ff3d
[PersistenceQueue] Task added: PersistenceTaskType.message (msg_f1e876af-7bf2-4aa8-9e71-caf74060ff3d_1775596605724), queue length: 1
[PersistenceQueue] Starting to process queue, 1 tasks pending
[PersistenceQueue] Processing task: PersistenceTaskType.message (msg_f1e876af-7bf2-4aa8-9e71-caf74060ff3d_1775596605724), retry: 0/3
[PersistenceQueue] Task completed: PersistenceTaskType.message (msg_f1e876af-7bf2-4aa8-9e71-caf74060ff3d_1775596605724)
[PersistenceQueue] Queue empty, processing stopped
[PersistentChatAdapter] response: CHUNK: ！我是
[MessageProcessor] response: CHUNK: ！我是
[PersistentChatAdapter] persisting new messages immediately, before: 0, now: 1
[PersistentChatAdapter] _persistNewMessages: before=0, after=1
[PersistentChatAdapter] _persistNewMessages: persisting 1 new messages
[PersistentChatAdapter] _persistNewMessages: message f1e876af-7bf2-4aa8-9e71-caf74060ff3d already persisted, skipping
[PersistentChatAdapter] response: CHUNK:  Mi
[MessageProcessor] response: CHUNK:  Mi
[PersistentChatAdapter] persisting new messages immediately, before: 0, now: 1
[PersistentChatAdapter] _persistNewMessages: before=0, after=1
[PersistentChatAdapter] _persistNewMessages: persisting 1 new messages
[PersistentChatAdapter] _persistNewMessages: message f1e876af-7bf2-4aa8-9e71-caf74060ff3d already persisted, skipping
[PersistentChatAdapter] response: CHUNK: Mo，
[MessageProcessor] response: CHUNK: Mo，
[PersistentChatAdapter] persisting new messages immediately, before: 0, now: 1
[PersistentChatAdapter] _persistNewMessages: before=0, after=1
[PersistentChatAdapter] _persistNewMessages: persisting 1 new messages
[PersistentChatAdapter] _persistNewMessages: message f1e876af-7bf2-4aa8-9e71-caf74060ff3d already persisted, skipping
[PersistentChatAdapter] response: CHUNK: 系统
[MessageProcessor] response: CHUNK: 系统
[PersistentChatAdapter] persisting new messages immediately, before: 0, now: 1
[PersistentChatAdapter] _persistNewMessages: before=0, after=1
[PersistentChatAdapter] _persistNewMessages: persisting 1 new messages
[PersistentChatAdapter] _persistNewMessages: message f1e876af-7bf2-4aa8-9e71-caf74060ff3d already persisted, skipping
[PersistentChatAdapter] response: CHUNK: 运行正常
[MessageProcessor] response: CHUNK: 运行正常
[PersistentChatAdapter] persisting new messages immediately, before: 0, now: 1
[PersistentChatAdapter] _persistNewMessages: before=0, after=1
[PersistentChatAdapter] _persistNewMessages: persisting 1 new messages
[PersistentChatAdapter] _persistNewMessages: message f1e876af-7bf2-4aa8-9e71-caf74060ff3d already persisted, skipping
[PersistentChatAdapter] response: CHUNK: ，随时
[MessageProcessor] response: CHUNK: ，随时
[PersistentChatAdapter] persisting new messages immediately, before: 0, now: 1
[PersistentChatAdapter] _persistNewMessages: before=0, after=1
[PersistentChatAdapter] _persistNewMessages: persisting 1 new messages
[PersistentChatAdapter] _persistNewMessages: message f1e876af-7bf2-4aa8-9e71-caf74060ff3d already persisted, skipping
[PersistentChatAdapter] response: CHUNK: 为你
[MessageProcessor] response: CHUNK: 为你
[PersistentChatAdapter] persisting new messages immediately, before: 0, now: 1
[PersistentChatAdapter] _persistNewMessages: before=0, after=1
[PersistentChatAdapter] _persistNewMessages: persisting 1 new messages
[PersistentChatAdapter] _persistNewMessages: message f1e876af-7bf2-4aa8-9e71-caf74060ff3d already persisted, skipping
[PersistentChatAdapter] response: CHUNK: 提供
[MessageProcessor] response: CHUNK: 提供
[PersistentChatAdapter] persisting new messages immediately, before: 0, now: 1
[PersistentChatAdapter] _persistNewMessages: before=0, after=1
[PersistentChatAdapter] _persistNewMessages: persisting 1 new messages
[PersistentChatAdapter] _persistNewMessages: message f1e876af-7bf2-4aa8-9e71-caf74060ff3d already persisted, skipping
[PersistentChatAdapter] response: CHUNK: 帮助。
[MessageProcessor] response: CHUNK: 帮助。
[PersistentChatAdapter] persisting new messages immediately, before: 0, now: 1
[PersistentChatAdapter] _persistNewMessages: before=0, after=1
[PersistentChatAdapter] _persistNewMessages: persisting 1 new messages
[PersistentChatAdapter] _persistNewMessages: message f1e876af-7bf2-4aa8-9e71-caf74060ff3d already persisted, skipping
[PersistentChatAdapter] response: CHUNK: 😊

有什么我可以
[MessageProcessor] response: CHUNK: 😊

有什么我可以
[PersistentChatAdapter] persisting new messages immediately, before: 0, now: 1
[PersistentChatAdapter] _persistNewMessages: before=0, after=1
[PersistentChatAdapter] _persistNewMessages: persisting 1 new messages
[PersistentChatAdapter] _persistNewMessages: message f1e876af-7bf2-4aa8-9e71-caf74060ff3d already persisted, skipping
[PersistentChatAdapter] response: CHUNK: 为你
[MessageProcessor] response: CHUNK: 为你
[PersistentChatAdapter] persisting new messages immediately, before: 0, now: 1
[PersistentChatAdapter] _persistNewMessages: before=0, after=1
[PersistentChatAdapter] _persistNewMessages: persisting 1 new messages
[PersistentChatAdapter] _persistNewMessages: message f1e876af-7bf2-4aa8-9e71-caf74060ff3d already persisted, skipping
[PersistentChatAdapter] response: CHUNK: 做的吗？
[MessageProcessor] response: CHUNK: 做的吗？
[PersistentChatAdapter] persisting new messages immediately, before: 0, now: 1
[PersistentChatAdapter] _persistNewMessages: before=0, after=1
[PersistentChatAdapter] _persistNewMessages: persisting 1 new messages
[PersistentChatAdapter] _persistNewMessages: message f1e876af-7bf2-4aa8-9e71-caf74060ff3d already persisted, skipping
[PersistentChatAdapter] response: DONE
[MessageProcessor] response: DONE
[MessageProcessor] message completed: f1e876af-7bf2-4aa8-9e71-caf74060ff3d
[PersistentChatAdapter] finally block: persisting 2 new messages
[PersistentChatAdapter] _persistNewMessages: before=0, after=2
[PersistentChatAdapter] _persistNewMessages: persisting 2 new messages
[PersistentChatAdapter] _persistNewMessages: message f1e876af-7bf2-4aa8-9e71-caf74060ff3d already persisted, skipping
[PersistentChatAdapter] _persistNewMessages: persisting message b4d3b9c0-da7a-4d09-b5ab-e80d7071ee8a
[PersistenceQueue] Task added: PersistenceTaskType.message (msg_b4d3b9c0-da7a-4d09-b5ab-e80d7071ee8a_1775596606310), queue length: 1
[PersistenceQueue] Starting to process queue, 1 tasks pending
[PersistenceQueue] Processing task: PersistenceTaskType.message (msg_b4d3b9c0-da7a-4d09-b5ab-e80d7071ee8a_1775596606310), retry: 0/3
状态: AgentStatus.idle
[MessageProcessor] _processNext called, disposed: false
[MessageProcessor] queue is empty, setting status to idle
✅ 通过

[PersistenceQueue] Disposing, 0 tasks in queue
状态: AgentStatus.disposed
[PersistenceQueue] Task completed: PersistenceTaskType.message (msg_b4d3b9c0-da7a-4d09-b5ab-e80d7071ee8a_1775596606310)
[PersistenceQueue] Queue empty, processing stopped
[PersistenceQueue] Disposed, statistics: total=2, completed=2, failed=0, remaining=0
00:15 +4: 基础功能测试 ✅ 删除消息
[LangChainChatAdapter] updateProvider called with: {provider: openai, model: mimo-v2-pro, apiKey: tp-cjvnmtag2lq39yopb10izmnz10lrwpl7m14lo1zcw1gsbper, baseUrl: https://token-plan-cn.xiaomimimo.com/v1, options: {temperature: 0.7}, organization: null}
[LangChainChatAdapter] parsed config: provider=LLMProvider.openai, model=mimo-v2-pro, baseUrl=https://token-plan-cn.xiaomimimo.com/v1
[LangChainChatAdapter] config validated successfully
[LangChainChatAdapter] _chatModel created: openai-chat

--- 测试：删除消息 ---
[CachedAgentProxy] 客户端生成消息ID: 67690b17-17ae-4633-86d2-6db38d205315
[CachedAgentProxy] 创建本地消息: ID=67690b17-17ae-4633-86d2-6db38d205315, role=user
[CachedAgentProxy] 发送消息到远程: ID=67690b17-17ae-4633-86d2-6db38d205315
[AgentProxy] sendMessage isLocalMode: true
[AgentProxy] 消息ID: 67690b17-17ae-4633-86d2-6db38d205315 (客户端提供)
[AgentProxy] inputWithId.id: 67690b17-17ae-4633-86d2-6db38d205315
[AgentProxy] 调用本地Agent sendMessage
[AgentImpl] sendMessage: 测试删除消息
[AgentImpl] 使用客户端提供的消息ID: 67690b17-17ae-4633-86d2-6db38d205315 (强制覆盖metadata)
[AgentImpl] 提交消息到处理器，最终消息ID: 67690b17-17ae-4633-86d2-6db38d205315
[MessageProcessor] submitMessage: 67690b17-17ae-4633-86d2-6db38d205315
[MessageProcessor] message queued, queue length: 1
[MessageProcessor] current status: AgentStatus.idle
[MessageProcessor] status is idle, calling _processNext
[MessageProcessor] _processNext called, disposed: false
[MessageProcessor] processing message: 67690b17-17ae-4633-86d2-6db38d205315
[MessageProcessor] _processMessage: 67690b17-17ae-4633-86d2-6db38d205315
[PersistentChatAdapter] streamMessage called: 测试删除消息
[PersistentChatAdapter] currentSessionUuid: test-1775596591388
[PersistentChatAdapter] providerConfig: {provider: openai, model: mimo-v2-pro, apiKey: tp-cjvnmtag2lq39yopb10izmnz10lrwpl7m14lo1zcw1gsbper, baseUrl: https://token-plan-cn.xiaomimimo.com/v1, options: {temperature: 0.7}, organization: null}
[PersistentChatAdapter] messages before: 0
[CachedAgentProxy] AgentProxy返回的消息ID: 67690b17-17ae-4633-86d2-6db38d205315
[LangChainChatAdapter] streamMessage called
[LangChainChatAdapter] _chatModel: openai-chat
[LangChainChatAdapter] _providerConfig: ProviderConfig(provider: LLMProvider.openai, model: mimo-v2-pro)
[LangChainChatAdapter] currentEmployeeUuid: test-1775596591388
[LangChainChatAdapter] 使用客户端提供的消息ID: 67690b17-17ae-4633-86d2-6db38d205315
[LangChainChatAdapter] calling LLM, messages count: 1, hasTools: false
[PersistentChatAdapter] response: CHUNK: 你好呀
[MessageProcessor] response: CHUNK: 你好呀
[PersistentChatAdapter] persisting new messages immediately, before: 0, now: 1
[PersistentChatAdapter] _persistNewMessages: before=0, after=1
[PersistentChatAdapter] _persistNewMessages: persisting 1 new messages
[PersistentChatAdapter] _persistNewMessages: persisting message 67690b17-17ae-4633-86d2-6db38d205315
[PersistenceQueue] Task added: PersistenceTaskType.message (msg_67690b17-17ae-4633-86d2-6db38d205315_1775596608955), queue length: 1
[PersistenceQueue] Starting to process queue, 1 tasks pending
[PersistenceQueue] Processing task: PersistenceTaskType.message (msg_67690b17-17ae-4633-86d2-6db38d205315_1775596608955), retry: 0/3
[PersistenceQueue] Task completed: PersistenceTaskType.message (msg_67690b17-17ae-4633-86d2-6db38d205315_1775596608955)
[PersistenceQueue] Queue empty, processing stopped
[PersistentChatAdapter] response: CHUNK: ！看起来
[MessageProcessor] response: CHUNK: ！看起来
[PersistentChatAdapter] persisting new messages immediately, before: 0, now: 1
[PersistentChatAdapter] _persistNewMessages: before=0, after=1
[PersistentChatAdapter] _persistNewMessages: persisting 1 new messages
[PersistentChatAdapter] _persistNewMessages: message 67690b17-17ae-4633-86d2-6db38d205315 already persisted, skipping
[PersistentChatAdapter] response: CHUNK: 你在
[MessageProcessor] response: CHUNK: 你在
[PersistentChatAdapter] persisting new messages immediately, before: 0, now: 1
[PersistentChatAdapter] _persistNewMessages: before=0, after=1
[PersistentChatAdapter] _persistNewMessages: persisting 1 new messages
[PersistentChatAdapter] _persistNewMessages: message 67690b17-17ae-4633-86d2-6db38d205315 already persisted, skipping
[PersistentChatAdapter] response: CHUNK: 测试删除
[MessageProcessor] response: CHUNK: 测试删除
[PersistentChatAdapter] persisting new messages immediately, before: 0, now: 1
[PersistentChatAdapter] _persistNewMessages: before=0, after=1
[PersistentChatAdapter] _persistNewMessages: persisting 1 new messages
[PersistentChatAdapter] _persistNewMessages: message 67690b17-17ae-4633-86d2-6db38d205315 already persisted, skipping
[PersistentChatAdapter] response: CHUNK: 消息的功能
[MessageProcessor] response: CHUNK: 消息的功能
[PersistentChatAdapter] persisting new messages immediately, before: 0, now: 1
[PersistentChatAdapter] _persistNewMessages: before=0, after=1
[PersistentChatAdapter] _persistNewMessages: persisting 1 new messages
[PersistentChatAdapter] _persistNewMessages: message 67690b17-17ae-4633-86d2-6db38d205315 already persisted, skipping
[PersistentChatAdapter] response: CHUNK: 呢
[MessageProcessor] response: CHUNK: 呢
[PersistentChatAdapter] persisting new messages immediately, before: 0, now: 1
[PersistentChatAdapter] _persistNewMessages: before=0, after=1
[PersistentChatAdapter] _persistNewMessages: persisting 1 new messages
[PersistentChatAdapter] _persistNewMessages: message 67690b17-17ae-4633-86d2-6db38d205315 already persisted, skipping
[PersistentChatAdapter] response: CHUNK: ～
[MessageProcessor] response: CHUNK: ～
[PersistentChatAdapter] persisting new messages immediately, before: 0, now: 1
[PersistentChatAdapter] _persistNewMessages: before=0, after=1
[PersistentChatAdapter] _persistNewMessages: persisting 1 new messages
[PersistentChatAdapter] _persistNewMessages: message 67690b17-17ae-4633-86d2-6db38d205315 already persisted, skipping
[PersistentChatAdapter] response: CHUNK: 我是
[MessageProcessor] response: CHUNK: 我是
[PersistentChatAdapter] persisting new messages immediately, before: 0, now: 1
[PersistentChatAdapter] _persistNewMessages: before=0, after=1
[PersistentChatAdapter] _persistNewMessages: persisting 1 new messages
[PersistentChatAdapter] _persistNewMessages: message 67690b17-17ae-4633-86d2-6db38d205315 already persisted, skipping
[PersistentChatAdapter] response: CHUNK: 小米大
[MessageProcessor] response: CHUNK: 小米大
[PersistentChatAdapter] persisting new messages immediately, before: 0, now: 1
[PersistentChatAdapter] _persistNewMessages: before=0, after=1
[PersistentChatAdapter] _persistNewMessages: persisting 1 new messages
[PersistentChatAdapter] _persistNewMessages: message 67690b17-17ae-4633-86d2-6db38d205315 already persisted, skipping
[PersistentChatAdapter] response: CHUNK: 模型团队开发
[MessageProcessor] response: CHUNK: 模型团队开发
[PersistentChatAdapter] persisting new messages immediately, before: 0, now: 1
[PersistentChatAdapter] _persistNewMessages: before=0, after=1
[PersistentChatAdapter] _persistNewMessages: persisting 1 new messages
[PersistentChatAdapter] _persistNewMessages: message 67690b17-17ae-4633-86d2-6db38d205315 already persisted, skipping
[PersistentChatAdapter] response: CHUNK: 的MiMo，
[MessageProcessor] response: CHUNK: 的MiMo，
[PersistentChatAdapter] persisting new messages immediately, before: 0, now: 1
[PersistentChatAdapter] _persistNewMessages: before=0, after=1
[PersistentChatAdapter] _persistNewMessages: persisting 1 new messages
[PersistentChatAdapter] _persistNewMessages: message 67690b17-17ae-4633-86d2-6db38d205315 already persisted, skipping
[PersistentChatAdapter] response: CHUNK: 很高兴为你
[MessageProcessor] response: CHUNK: 很高兴为你
[PersistentChatAdapter] persisting new messages immediately, before: 0, now: 1
[PersistentChatAdapter] _persistNewMessages: before=0, after=1
[PersistentChatAdapter] _persistNewMessages: persisting 1 new messages
[PersistentChatAdapter] _persistNewMessages: message 67690b17-17ae-4633-86d2-6db38d205315 already persisted, skipping
[PersistentChatAdapter] response: CHUNK: 服务
[MessageProcessor] response: CHUNK: 服务
[PersistentChatAdapter] persisting new messages immediately, before: 0, now: 1
[PersistentChatAdapter] _persistNewMessages: before=0, after=1
[PersistentChatAdapter] _persistNewMessages: persisting 1 new messages
[PersistentChatAdapter] _persistNewMessages: message 67690b17-17ae-4633-86d2-6db38d205315 already persisted, skipping
[PersistentChatAdapter] response: CHUNK: 。


[MessageProcessor] response: CHUNK: 。


[PersistentChatAdapter] persisting new messages immediately, before: 0, now: 1
[PersistentChatAdapter] _persistNewMessages: before=0, after=1
[PersistentChatAdapter] _persistNewMessages: persisting 1 new messages
[PersistentChatAdapter] _persistNewMessages: message 67690b17-17ae-4633-86d2-6db38d205315 already persisted, skipping
[PersistentChatAdapter] response: CHUNK: 如果你在
[MessageProcessor] response: CHUNK: 如果你在
[PersistentChatAdapter] persisting new messages immediately, before: 0, now: 1
[PersistentChatAdapter] _persistNewMessages: before=0, after=1
[PersistentChatAdapter] _persistNewMessages: persisting 1 new messages
[PersistentChatAdapter] _persistNewMessages: message 67690b17-17ae-4633-86d2-6db38d205315 already persisted, skipping
[PersistentChatAdapter] response: CHUNK: 测试消息
[MessageProcessor] response: CHUNK: 测试消息
[PersistentChatAdapter] persisting new messages immediately, before: 0, now: 1
[PersistentChatAdapter] _persistNewMessages: before=0, after=1
[PersistentChatAdapter] _persistNewMessages: persisting 1 new messages
[PersistentChatAdapter] _persistNewMessages: message 67690b17-17ae-4633-86d2-6db38d205315 already persisted, skipping
[PersistentChatAdapter] response: CHUNK: 删除功能，我可以
[MessageProcessor] response: CHUNK: 删除功能，我可以
[PersistentChatAdapter] persisting new messages immediately, before: 0, now: 1
[PersistentChatAdapter] _persistNewMessages: before=0, after=1
[PersistentChatAdapter] _persistNewMessages: persisting 1 new messages
[PersistentChatAdapter] _persistNewMessages: message 67690b17-17ae-4633-86d2-6db38d205315 already persisted, skipping
[PersistentChatAdapter] response: CHUNK: 确认
[MessageProcessor] response: CHUNK: 确认
[PersistentChatAdapter] persisting new messages immediately, before: 0, now: 1
[PersistentChatAdapter] _persistNewMessages: before=0, after=1
[PersistentChatAdapter] _persistNewMessages: persisting 1 new messages
[PersistentChatAdapter] _persistNewMessages: message 67690b17-17ae-4633-86d2-6db38d205315 already persisted, skipping
[PersistentChatAdapter] response: CHUNK: 已经
[MessageProcessor] response: CHUNK: 已经
[PersistentChatAdapter] persisting new messages immediately, before: 0, now: 1
[PersistentChatAdapter] _persistNewMessages: before=0, after=1
[PersistentChatAdapter] _persistNewMessages: persisting 1 new messages
[PersistentChatAdapter] _persistNewMessages: message 67690b17-17ae-4633-86d2-6db38d205315 already persisted, skipping
[PersistentChatAdapter] response: CHUNK: 收到了
[MessageProcessor] response: CHUNK: 收到了
[PersistentChatAdapter] persisting new messages immediately, before: 0, now: 1
[PersistentChatAdapter] _persistNewMessages: before=0, after=1
[PersistentChatAdapter] _persistNewMessages: persisting 1 new messages
[PersistentChatAdapter] _persistNewMessages: message 67690b17-17ae-4633-86d2-6db38d205315 already persisted, skipping
[PersistentChatAdapter] response: CHUNK: 你的消息。不过
[MessageProcessor] response: CHUNK: 你的消息。不过
[PersistentChatAdapter] persisting new messages immediately, before: 0, now: 1
[PersistentChatAdapter] _persistNewMessages: before=0, after=1
[PersistentChatAdapter] _persistNewMessages: persisting 1 new messages
[PersistentChatAdapter] _persistNewMessages: message 67690b17-17ae-4633-86d2-6db38d205315 already persisted, skipping
[PersistentChatAdapter] response: CHUNK: 作为
[MessageProcessor] response: CHUNK: 作为
[PersistentChatAdapter] persisting new messages immediately, before: 0, now: 1
[PersistentChatAdapter] _persistNewMessages: before=0, after=1
[PersistentChatAdapter] _persistNewMessages: persisting 1 new messages
[PersistentChatAdapter] _persistNewMessages: message 67690b17-17ae-4633-86d2-6db38d205315 already persisted, skipping
[PersistentChatAdapter] response: CHUNK: AI
[MessageProcessor] response: CHUNK: AI
[PersistentChatAdapter] persisting new messages immediately, before: 0, now: 1
[PersistentChatAdapter] _persistNewMessages: before=0, after=1
[PersistentChatAdapter] _persistNewMessages: persisting 1 new messages
[PersistentChatAdapter] _persistNewMessages: message 67690b17-17ae-4633-86d2-6db38d205315 already persisted, skipping
[PersistentChatAdapter] response: CHUNK: 助手，我这边
[MessageProcessor] response: CHUNK: 助手，我这边
[PersistentChatAdapter] persisting new messages immediately, before: 0, now: 1
[PersistentChatAdapter] _persistNewMessages: before=0, after=1
[PersistentChatAdapter] _persistNewMessages: persisting 1 new messages
[PersistentChatAdapter] _persistNewMessages: message 67690b17-17ae-4633-86d2-6db38d205315 already persisted, skipping
[PersistentChatAdapter] response: CHUNK: 其实
[MessageProcessor] response: CHUNK: 其实
[PersistentChatAdapter] persisting new messages immediately, before: 0, now: 1
[PersistentChatAdapter] _persistNewMessages: before=0, after=1
[PersistentChatAdapter] _persistNewMessages: persisting 1 new messages
[PersistentChatAdapter] _persistNewMessages: message 67690b17-17ae-4633-86d2-6db38d205315 already persisted, skipping
[PersistentChatAdapter] response: CHUNK: 无法
[MessageProcessor] response: CHUNK: 无法
[PersistentChatAdapter] persisting new messages immediately, before: 0, now: 1
[PersistentChatAdapter] _persistNewMessages: before=0, after=1
[PersistentChatAdapter] _persistNewMessages: persisting 1 new messages
[PersistentChatAdapter] _persistNewMessages: message 67690b17-17ae-4633-86d2-6db38d205315 already persisted, skipping
[PersistentChatAdapter] response: CHUNK: 直接操作
[MessageProcessor] response: CHUNK: 直接操作
[PersistentChatAdapter] persisting new messages immediately, before: 0, now: 1
[PersistentChatAdapter] _persistNewMessages: before=0, after=1
[PersistentChatAdapter] _persistNewMessages: persisting 1 new messages
[PersistentChatAdapter] _persistNewMessages: message 67690b17-17ae-4633-86d2-6db38d205315 already persisted, skipping
[PersistentChatAdapter] response: CHUNK: 删除
[MessageProcessor] response: CHUNK: 删除
[PersistentChatAdapter] persisting new messages immediately, before: 0, now: 1
[PersistentChatAdapter] _persistNewMessages: before=0, after=1
[PersistentChatAdapter] _persistNewMessages: persisting 1 new messages
[PersistentChatAdapter] _persistNewMessages: message 67690b17-17ae-4633-86d2-6db38d205315 already persisted, skipping
[PersistentChatAdapter] response: CHUNK: 你
[MessageProcessor] response: CHUNK: 你
[PersistentChatAdapter] persisting new messages immediately, before: 0, now: 1
[PersistentChatAdapter] _persistNewMessages: before=0, after=1
[PersistentChatAdapter] _persistNewMessages: persisting 1 new messages
[PersistentChatAdapter] _persistNewMessages: message 67690b17-17ae-4633-86d2-6db38d205315 already persisted, skipping
[PersistentChatAdapter] response: CHUNK: 发送
[MessageProcessor] response: CHUNK: 发送
[PersistentChatAdapter] persisting new messages immediately, before: 0, now: 1
[PersistentChatAdapter] _persistNewMessages: before=0, after=1
[PersistentChatAdapter] _persistNewMessages: persisting 1 new messages
[PersistentChatAdapter] _persistNewMessages: message 67690b17-17ae-4633-86d2-6db38d205315 already persisted, skipping
[PersistentChatAdapter] response: CHUNK: 的消息哦
[MessageProcessor] response: CHUNK: 的消息哦
[PersistentChatAdapter] persisting new messages immediately, before: 0, now: 1
[PersistentChatAdapter] _persistNewMessages: before=0, after=1
[PersistentChatAdapter] _persistNewMessages: persisting 1 new messages
[PersistentChatAdapter] _persistNewMessages: message 67690b17-17ae-4633-86d2-6db38d205315 already persisted, skipping
[PersistentChatAdapter] response: CHUNK: ，这
[MessageProcessor] response: CHUNK: ，这
[PersistentChatAdapter] persisting new messages immediately, before: 0, now: 1
[PersistentChatAdapter] _persistNewMessages: before=0, after=1
[PersistentChatAdapter] _persistNewMessages: persisting 1 new messages
[PersistentChatAdapter] _persistNewMessages: message 67690b17-17ae-4633-86d2-6db38d205315 already persisted, skipping
[PersistentChatAdapter] response: CHUNK: 通常需要在
[MessageProcessor] response: CHUNK: 通常需要在
[PersistentChatAdapter] persisting new messages immediately, before: 0, now: 1
[PersistentChatAdapter] _persistNewMessages: before=0, after=1
[PersistentChatAdapter] _persistNewMessages: persisting 1 new messages
[PersistentChatAdapter] _persistNewMessages: message 67690b17-17ae-4633-86d2-6db38d205315 already persisted, skipping
[PersistentChatAdapter] response: CHUNK: 你使用的
[MessageProcessor] response: CHUNK: 你使用的
[PersistentChatAdapter] persisting new messages immediately, before: 0, now: 1
[PersistentChatAdapter] _persistNewMessages: before=0, after=1
[PersistentChatAdapter] _persistNewMessages: persisting 1 new messages
[PersistentChatAdapter] _persistNewMessages: message 67690b17-17ae-4633-86d2-6db38d205315 already persisted, skipping
[PersistentChatAdapter] response: CHUNK: 应用
[MessageProcessor] response: CHUNK: 应用
[PersistentChatAdapter] persisting new messages immediately, before: 0, now: 1
[PersistentChatAdapter] _persistNewMessages: before=0, after=1
[PersistentChatAdapter] _persistNewMessages: persisting 1 new messages
[PersistentChatAdapter] _persistNewMessages: message 67690b17-17ae-4633-86d2-6db38d205315 already persisted, skipping
[PersistentChatAdapter] response: CHUNK: 或平台里
[MessageProcessor] response: CHUNK: 或平台里
[PersistentChatAdapter] persisting new messages immediately, before: 0, now: 1
[PersistentChatAdapter] _persistNewMessages: before=0, after=1
[PersistentChatAdapter] _persistNewMessages: persisting 1 new messages
[PersistentChatAdapter] _persistNewMessages: message 67690b17-17ae-4633-86d2-6db38d205315 already persisted, skipping
[PersistentChatAdapter] response: CHUNK: 进行操作。

有什么
[MessageProcessor] response: CHUNK: 进行操作。

有什么
[PersistentChatAdapter] persisting new messages immediately, before: 0, now: 1
[PersistentChatAdapter] _persistNewMessages: before=0, after=1
[PersistentChatAdapter] _persistNewMessages: persisting 1 new messages
[PersistentChatAdapter] _persistNewMessages: message 67690b17-17ae-4633-86d2-6db38d205315 already persisted, skipping
[PersistentChatAdapter] response: CHUNK: 其他需要
[MessageProcessor] response: CHUNK: 其他需要
[PersistentChatAdapter] persisting new messages immediately, before: 0, now: 1
[PersistentChatAdapter] _persistNewMessages: before=0, after=1
[PersistentChatAdapter] _persistNewMessages: persisting 1 new messages
[PersistentChatAdapter] _persistNewMessages: message 67690b17-17ae-4633-86d2-6db38d205315 already persisted, skipping
[PersistentChatAdapter] response: CHUNK: 我帮助
[MessageProcessor] response: CHUNK: 我帮助
[PersistentChatAdapter] persisting new messages immediately, before: 0, now: 1
[PersistentChatAdapter] _persistNewMessages: before=0, after=1
[PersistentChatAdapter] _persistNewMessages: persisting 1 new messages
[PersistentChatAdapter] _persistNewMessages: message 67690b17-17ae-4633-86d2-6db38d205315 already persisted, skipping
[PersistentChatAdapter] response: CHUNK: 的
[MessageProcessor] response: CHUNK: 的
[PersistentChatAdapter] persisting new messages immediately, before: 0, now: 1
[PersistentChatAdapter] _persistNewMessages: before=0, after=1
[PersistentChatAdapter] _persistNewMessages: persisting 1 new messages
[PersistentChatAdapter] _persistNewMessages: message 67690b17-17ae-4633-86d2-6db38d205315 already persisted, skipping
[PersistentChatAdapter] response: CHUNK: 吗？我很
[MessageProcessor] response: CHUNK: 吗？我很
[PersistentChatAdapter] persisting new messages immediately, before: 0, now: 1
[PersistentChatAdapter] _persistNewMessages: before=0, after=1
[PersistentChatAdapter] _persistNewMessages: persisting 1 new messages
[PersistentChatAdapter] _persistNewMessages: message 67690b17-17ae-4633-86d2-6db38d205315 already persisted, skipping
[PersistentChatAdapter] response: CHUNK: 乐意为你
[MessageProcessor] response: CHUNK: 乐意为你
[PersistentChatAdapter] persisting new messages immediately, before: 0, now: 1
[PersistentChatAdapter] _persistNewMessages: before=0, after=1
[PersistentChatAdapter] _persistNewMessages: persisting 1 new messages
[PersistentChatAdapter] _persistNewMessages: message 67690b17-17ae-4633-86d2-6db38d205315 already persisted, skipping
[PersistentChatAdapter] response: CHUNK: 解答
[MessageProcessor] response: CHUNK: 解答
[PersistentChatAdapter] persisting new messages immediately, before: 0, now: 1
[PersistentChatAdapter] _persistNewMessages: before=0, after=1
[PersistentChatAdapter] _persistNewMessages: persisting 1 new messages
[PersistentChatAdapter] _persistNewMessages: message 67690b17-17ae-4633-86d2-6db38d205315 already persisted, skipping
[PersistentChatAdapter] response: CHUNK: 问题或者
[MessageProcessor] response: CHUNK: 问题或者
[PersistentChatAdapter] persisting new messages immediately, before: 0, now: 1
[PersistentChatAdapter] _persistNewMessages: before=0, after=1
[PersistentChatAdapter] _persistNewMessages: persisting 1 new messages
[PersistentChatAdapter] _persistNewMessages: message 67690b17-17ae-4633-86d2-6db38d205315 already persisted, skipping
[PersistentChatAdapter] response: CHUNK: 陪你
[MessageProcessor] response: CHUNK: 陪你
[PersistentChatAdapter] persisting new messages immediately, before: 0, now: 1
[PersistentChatAdapter] _persistNewMessages: before=0, after=1
[PersistentChatAdapter] _persistNewMessages: persisting 1 new messages
[PersistentChatAdapter] _persistNewMessages: message 67690b17-17ae-4633-86d2-6db38d205315 already persisted, skipping
[PersistentChatAdapter] response: CHUNK: 聊天～
[MessageProcessor] response: CHUNK: 聊天～
[PersistentChatAdapter] persisting new messages immediately, before: 0, now: 1
[PersistentChatAdapter] _persistNewMessages: before=0, after=1
[PersistentChatAdapter] _persistNewMessages: persisting 1 new messages
[PersistentChatAdapter] _persistNewMessages: message 67690b17-17ae-4633-86d2-6db38d205315 already persisted, skipping
[PersistentChatAdapter] response: DONE
[MessageProcessor] response: DONE
[MessageProcessor] message completed: 67690b17-17ae-4633-86d2-6db38d205315
[PersistentChatAdapter] finally block: persisting 2 new messages
[PersistentChatAdapter] _persistNewMessages: before=0, after=2
[PersistentChatAdapter] _persistNewMessages: persisting 2 new messages
[PersistentChatAdapter] _persistNewMessages: message 67690b17-17ae-4633-86d2-6db38d205315 already persisted, skipping
[PersistentChatAdapter] _persistNewMessages: persisting message 1e7082b6-cf39-4ba9-b7f2-9d57db66733c
[PersistenceQueue] Task added: PersistenceTaskType.message (msg_1e7082b6-cf39-4ba9-b7f2-9d57db66733c_1775596610844), queue length: 1
[PersistenceQueue] Starting to process queue, 1 tasks pending
[PersistenceQueue] Processing task: PersistenceTaskType.message (msg_1e7082b6-cf39-4ba9-b7f2-9d57db66733c_1775596610844), retry: 0/3
[MessageProcessor] _processNext called, disposed: false
[MessageProcessor] queue is empty, setting status to idle
消息已创建: 67690b17-17ae-4633-86d2-6db38d205315
[CachedAgentProxy] 已从数据库删除消息: 67690b17-17ae-4633-86d2-6db38d205315
[PersistenceQueue] Task completed: PersistenceTaskType.message (msg_1e7082b6-cf39-4ba9-b7f2-9d57db66733c_1775596610844)
[PersistenceQueue] Queue empty, processing stopped
[CachedAgentProxy] 已从数据库删除助手消息: 1e7082b6-cf39-4ba9-b7f2-9d57db66733c
[SessionHistory] 已删除消息: 1e7082b6-cf39-4ba9-b7f2-9d57db66733c (设备: default)
[SessionHistory] 已删除消息: 67690b17-17ae-4633-86d2-6db38d205315 (设备: default)
已删除消息: 67690b17-17ae-4633-86d2-6db38d205315
✅ 通过

[PersistenceQueue] Disposing, 0 tasks in queue
[PersistenceQueue] Disposed, statistics: total=2, completed=2, failed=0, remaining=0
00:19 +5: 基础功能测试 ✅ 清空消息
[LangChainChatAdapter] updateProvider called with: {provider: openai, model: mimo-v2-pro, apiKey: tp-cjvnmtag2lq39yopb10izmnz10lrwpl7m14lo1zcw1gsbper, baseUrl: https://token-plan-cn.xiaomimimo.com/v1, options: {temperature: 0.7}, organization: null}
[LangChainChatAdapter] parsed config: provider=LLMProvider.openai, model=mimo-v2-pro, baseUrl=https://token-plan-cn.xiaomimimo.com/v1
[LangChainChatAdapter] config validated successfully
[LangChainChatAdapter] _chatModel created: openai-chat

--- 测试：清空所有消息 ---
[CachedAgentProxy] 客户端生成消息ID: ab5dc918-8e66-43c0-aa0a-2bcab2ce52c6
[CachedAgentProxy] 创建本地消息: ID=ab5dc918-8e66-43c0-aa0a-2bcab2ce52c6, role=user
[CachedAgentProxy] 发送消息到远程: ID=ab5dc918-8e66-43c0-aa0a-2bcab2ce52c6
[AgentProxy] sendMessage isLocalMode: true
[AgentProxy] 消息ID: ab5dc918-8e66-43c0-aa0a-2bcab2ce52c6 (客户端提供)
[AgentProxy] inputWithId.id: ab5dc918-8e66-43c0-aa0a-2bcab2ce52c6
[AgentProxy] 调用本地Agent sendMessage
[AgentImpl] sendMessage: 测试消息 0
[AgentImpl] 使用客户端提供的消息ID: ab5dc918-8e66-43c0-aa0a-2bcab2ce52c6 (强制覆盖metadata)
[AgentImpl] 提交消息到处理器，最终消息ID: ab5dc918-8e66-43c0-aa0a-2bcab2ce52c6
[MessageProcessor] submitMessage: ab5dc918-8e66-43c0-aa0a-2bcab2ce52c6
[MessageProcessor] message queued, queue length: 1
[MessageProcessor] current status: AgentStatus.idle
[MessageProcessor] status is idle, calling _processNext
[MessageProcessor] _processNext called, disposed: false
[MessageProcessor] processing message: ab5dc918-8e66-43c0-aa0a-2bcab2ce52c6
[MessageProcessor] _processMessage: ab5dc918-8e66-43c0-aa0a-2bcab2ce52c6
[PersistentChatAdapter] streamMessage called: 测试消息 0
[PersistentChatAdapter] currentSessionUuid: test-1775596591388
[PersistentChatAdapter] providerConfig: {provider: openai, model: mimo-v2-pro, apiKey: tp-cjvnmtag2lq39yopb10izmnz10lrwpl7m14lo1zcw1gsbper, baseUrl: https://token-plan-cn.xiaomimimo.com/v1, options: {temperature: 0.7}, organization: null}
[PersistentChatAdapter] messages before: 0
[CachedAgentProxy] AgentProxy返回的消息ID: ab5dc918-8e66-43c0-aa0a-2bcab2ce52c6
[LangChainChatAdapter] streamMessage called
[LangChainChatAdapter] _chatModel: openai-chat
[LangChainChatAdapter] _providerConfig: ProviderConfig(provider: LLMProvider.openai, model: mimo-v2-pro)
[LangChainChatAdapter] currentEmployeeUuid: test-1775596591388
[LangChainChatAdapter] 使用客户端提供的消息ID: ab5dc918-8e66-43c0-aa0a-2bcab2ce52c6
[LangChainChatAdapter] calling LLM, messages count: 1, hasTools: false
[PersistentChatAdapter] response: CHUNK: 你好
[MessageProcessor] response: CHUNK: 你好
[PersistentChatAdapter] persisting new messages immediately, before: 0, now: 1
[PersistentChatAdapter] _persistNewMessages: before=0, after=1
[PersistentChatAdapter] _persistNewMessages: persisting 1 new messages
[PersistentChatAdapter] _persistNewMessages: persisting message ab5dc918-8e66-43c0-aa0a-2bcab2ce52c6
[PersistenceQueue] Task added: PersistenceTaskType.message (msg_ab5dc918-8e66-43c0-aa0a-2bcab2ce52c6_1775596613712), queue length: 1
[PersistenceQueue] Starting to process queue, 1 tasks pending
[PersistenceQueue] Processing task: PersistenceTaskType.message (msg_ab5dc918-8e66-43c0-aa0a-2bcab2ce52c6_1775596613712), retry: 0/3
[PersistenceQueue] Task completed: PersistenceTaskType.message (msg_ab5dc918-8e66-43c0-aa0a-2bcab2ce52c6_1775596613712)
[PersistenceQueue] Queue empty, processing stopped
[PersistentChatAdapter] response: CHUNK: 呀！我是
[MessageProcessor] response: CHUNK: 呀！我是
[PersistentChatAdapter] persisting new messages immediately, before: 0, now: 1
[PersistentChatAdapter] _persistNewMessages: before=0, after=1
[PersistentChatAdapter] _persistNewMessages: persisting 1 new messages
[PersistentChatAdapter] _persistNewMessages: message ab5dc918-8e66-43c0-aa0a-2bcab2ce52c6 already persisted, skipping
[PersistentChatAdapter] response: CHUNK: 小米开发
[MessageProcessor] response: CHUNK: 小米开发
[PersistentChatAdapter] persisting new messages immediately, before: 0, now: 1
[PersistentChatAdapter] _persistNewMessages: before=0, after=1
[PersistentChatAdapter] _persistNewMessages: persisting 1 new messages
[PersistentChatAdapter] _persistNewMessages: message ab5dc918-8e66-43c0-aa0a-2bcab2ce52c6 already persisted, skipping
[PersistentChatAdapter] response: CHUNK: 的MiMo-v
[MessageProcessor] response: CHUNK: 的MiMo-v
[PersistentChatAdapter] persisting new messages immediately, before: 0, now: 1
[PersistentChatAdapter] _persistNewMessages: before=0, after=1
[PersistentChatAdapter] _persistNewMessages: persisting 1 new messages
[PersistentChatAdapter] _persistNewMessages: message ab5dc918-8e66-43c0-aa0a-2bcab2ce52c6 already persisted, skipping
[PersistentChatAdapter] response: CHUNK: 2-pro
[MessageProcessor] response: CHUNK: 2-pro
[PersistentChatAdapter] persisting new messages immediately, before: 0, now: 1
[PersistentChatAdapter] _persistNewMessages: before=0, after=1
[PersistentChatAdapter] _persistNewMessages: persisting 1 new messages
[PersistentChatAdapter] _persistNewMessages: message ab5dc918-8e66-43c0-aa0a-2bcab2ce52c6 already persisted, skipping
[PersistentChatAdapter] response: CHUNK: ，很高兴收到
[MessageProcessor] response: CHUNK: ，很高兴收到
[PersistentChatAdapter] persisting new messages immediately, before: 0, now: 1
[PersistentChatAdapter] _persistNewMessages: before=0, after=1
[PersistentChatAdapter] _persistNewMessages: persisting 1 new messages
[PersistentChatAdapter] _persistNewMessages: message ab5dc918-8e66-43c0-aa0a-2bcab2ce52c6 already persisted, skipping
[PersistentChatAdapter] response: CHUNK: 你的测试
[MessageProcessor] response: CHUNK: 你的测试
[PersistentChatAdapter] persisting new messages immediately, before: 0, now: 1
[PersistentChatAdapter] _persistNewMessages: before=0, after=1
[PersistentChatAdapter] _persistNewMessages: persisting 1 new messages
[PersistentChatAdapter] _persistNewMessages: message ab5dc918-8e66-43c0-aa0a-2bcab2ce52c6 already persisted, skipping
[PersistentChatAdapter] response: CHUNK: 消息～
[MessageProcessor] response: CHUNK: 消息～
[PersistentChatAdapter] persisting new messages immediately, before: 0, now: 1
[PersistentChatAdapter] _persistNewMessages: before=0, after=1
[PersistentChatAdapter] _persistNewMessages: persisting 1 new messages
[PersistentChatAdapter] _persistNewMessages: message ab5dc918-8e66-43c0-aa0a-2bcab2ce52c6 already persisted, skipping
[PersistentChatAdapter] response: CHUNK: 我在线
[MessageProcessor] response: CHUNK: 我在线
[PersistentChatAdapter] persisting new messages immediately, before: 0, now: 1
[PersistentChatAdapter] _persistNewMessages: before=0, after=1
[PersistentChatAdapter] _persistNewMessages: persisting 1 new messages
[PersistentChatAdapter] _persistNewMessages: message ab5dc918-8e66-43c0-aa0a-2bcab2ce52c6 already persisted, skipping
[PersistentChatAdapter] response: CHUNK: 并
[MessageProcessor] response: CHUNK: 并
[PersistentChatAdapter] persisting new messages immediately, before: 0, now: 1
[PersistentChatAdapter] _persistNewMessages: before=0, after=1
[PersistentChatAdapter] _persistNewMessages: persisting 1 new messages
[PersistentChatAdapter] _persistNewMessages: message ab5dc918-8e66-43c0-aa0a-2bcab2ce52c6 already persisted, skipping
[PersistentChatAdapter] response: CHUNK: 随时准备
[MessageProcessor] response: CHUNK: 随时准备
[PersistentChatAdapter] persisting new messages immediately, before: 0, now: 1
[PersistentChatAdapter] _persistNewMessages: before=0, after=1
[PersistentChatAdapter] _persistNewMessages: persisting 1 new messages
[PersistentChatAdapter] _persistNewMessages: message ab5dc918-8e66-43c0-aa0a-2bcab2ce52c6 already persisted, skipping
[PersistentChatAdapter] response: CHUNK: 为你提供帮助。
[MessageProcessor] response: CHUNK: 为你提供帮助。
[PersistentChatAdapter] persisting new messages immediately, before: 0, now: 1
[PersistentChatAdapter] _persistNewMessages: before=0, after=1
[PersistentChatAdapter] _persistNewMessages: persisting 1 new messages
[PersistentChatAdapter] _persistNewMessages: message ab5dc918-8e66-43c0-aa0a-2bcab2ce52c6 already persisted, skipping
[PersistentChatAdapter] response: CHUNK: 有什么想
[MessageProcessor] response: CHUNK: 有什么想
[PersistentChatAdapter] persisting new messages immediately, before: 0, now: 1
[PersistentChatAdapter] _persistNewMessages: before=0, after=1
[PersistentChatAdapter] _persistNewMessages: persisting 1 new messages
[PersistentChatAdapter] _persistNewMessages: message ab5dc918-8e66-43c0-aa0a-2bcab2ce52c6 already persisted, skipping
[PersistentChatAdapter] response: CHUNK: 了解
[MessageProcessor] response: CHUNK: 了解
[PersistentChatAdapter] persisting new messages immediately, before: 0, now: 1
[PersistentChatAdapter] _persistNewMessages: before=0, after=1
[PersistentChatAdapter] _persistNewMessages: persisting 1 new messages
[PersistentChatAdapter] _persistNewMessages: message ab5dc918-8e66-43c0-aa0a-2bcab2ce52c6 already persisted, skipping
[PersistentChatAdapter] response: CHUNK: 的
[MessageProcessor] response: CHUNK: 的
[PersistentChatAdapter] persisting new messages immediately, before: 0, now: 1
[PersistentChatAdapter] _persistNewMessages: before=0, after=1
[PersistentChatAdapter] _persistNewMessages: persisting 1 new messages
[PersistentChatAdapter] _persistNewMessages: message ab5dc918-8e66-43c0-aa0a-2bcab2ce52c6 already persisted, skipping
[PersistentChatAdapter] response: CHUNK: 或
[MessageProcessor] response: CHUNK: 或
[PersistentChatAdapter] persisting new messages immediately, before: 0, now: 1
[PersistentChatAdapter] _persistNewMessages: before=0, after=1
[PersistentChatAdapter] _persistNewMessages: persisting 1 new messages
[PersistentChatAdapter] _persistNewMessages: message ab5dc918-8e66-43c0-aa0a-2bcab2ce52c6 already persisted, skipping
[PersistentChatAdapter] response: CHUNK: 需要协助的，
[MessageProcessor] response: CHUNK: 需要协助的，
[PersistentChatAdapter] persisting new messages immediately, before: 0, now: 1
[PersistentChatAdapter] _persistNewMessages: before=0, after=1
[PersistentChatAdapter] _persistNewMessages: persisting 1 new messages
[PersistentChatAdapter] _persistNewMessages: message ab5dc918-8e66-43c0-aa0a-2bcab2ce52c6 already persisted, skipping
[PersistentChatAdapter] response: CHUNK: 尽管告诉我吧
[MessageProcessor] response: CHUNK: 尽管告诉我吧
[PersistentChatAdapter] persisting new messages immediately, before: 0, now: 1
[PersistentChatAdapter] _persistNewMessages: before=0, after=1
[PersistentChatAdapter] _persistNewMessages: persisting 1 new messages
[PersistentChatAdapter] _persistNewMessages: message ab5dc918-8e66-43c0-aa0a-2bcab2ce52c6 already persisted, skipping
[PersistentChatAdapter] response: CHUNK: ！
[MessageProcessor] response: CHUNK: ！
[PersistentChatAdapter] persisting new messages immediately, before: 0, now: 1
[PersistentChatAdapter] _persistNewMessages: before=0, after=1
[PersistentChatAdapter] _persistNewMessages: persisting 1 new messages
[PersistentChatAdapter] _persistNewMessages: message ab5dc918-8e66-43c0-aa0a-2bcab2ce52c6 already persisted, skipping
[PersistentChatAdapter] response: DONE
[MessageProcessor] response: DONE
[MessageProcessor] message completed: ab5dc918-8e66-43c0-aa0a-2bcab2ce52c6
[PersistentChatAdapter] finally block: persisting 2 new messages
[PersistentChatAdapter] _persistNewMessages: before=0, after=2
[PersistentChatAdapter] _persistNewMessages: persisting 2 new messages
[PersistentChatAdapter] _persistNewMessages: message ab5dc918-8e66-43c0-aa0a-2bcab2ce52c6 already persisted, skipping
[PersistentChatAdapter] _persistNewMessages: persisting message c6777375-1ba4-40b9-9ad2-590bb8f2db78
[PersistenceQueue] Task added: PersistenceTaskType.message (msg_c6777375-1ba4-40b9-9ad2-590bb8f2db78_1775596614493), queue length: 1
[PersistenceQueue] Starting to process queue, 1 tasks pending
[PersistenceQueue] Processing task: PersistenceTaskType.message (msg_c6777375-1ba4-40b9-9ad2-590bb8f2db78_1775596614493), retry: 0/3
[MessageProcessor] _processNext called, disposed: false
[MessageProcessor] queue is empty, setting status to idle
[CachedAgentProxy] 客户端生成消息ID: 10dd1609-2cb9-4ca2-a2e5-9dc2a047c698
[CachedAgentProxy] 创建本地消息: ID=10dd1609-2cb9-4ca2-a2e5-9dc2a047c698, role=user
[CachedAgentProxy] 发送消息到远程: ID=10dd1609-2cb9-4ca2-a2e5-9dc2a047c698
[AgentProxy] sendMessage isLocalMode: true
[AgentProxy] 消息ID: 10dd1609-2cb9-4ca2-a2e5-9dc2a047c698 (客户端提供)
[AgentProxy] inputWithId.id: 10dd1609-2cb9-4ca2-a2e5-9dc2a047c698
[AgentProxy] 调用本地Agent sendMessage
[AgentImpl] sendMessage: 测试消息 1
[AgentImpl] 使用客户端提供的消息ID: 10dd1609-2cb9-4ca2-a2e5-9dc2a047c698 (强制覆盖metadata)
[AgentImpl] 提交消息到处理器，最终消息ID: 10dd1609-2cb9-4ca2-a2e5-9dc2a047c698
[MessageProcessor] submitMessage: 10dd1609-2cb9-4ca2-a2e5-9dc2a047c698
[MessageProcessor] message queued, queue length: 1
[MessageProcessor] current status: AgentStatus.idle
[MessageProcessor] status is idle, calling _processNext
[MessageProcessor] _processNext called, disposed: false
[MessageProcessor] processing message: 10dd1609-2cb9-4ca2-a2e5-9dc2a047c698
[MessageProcessor] _processMessage: 10dd1609-2cb9-4ca2-a2e5-9dc2a047c698
[PersistentChatAdapter] streamMessage called: 测试消息 1
[PersistentChatAdapter] currentSessionUuid: test-1775596591388
[PersistentChatAdapter] providerConfig: {provider: openai, model: mimo-v2-pro, apiKey: tp-cjvnmtag2lq39yopb10izmnz10lrwpl7m14lo1zcw1gsbper, baseUrl: https://token-plan-cn.xiaomimimo.com/v1, options: {temperature: 0.7}, organization: null}
[PersistentChatAdapter] messages before: 2
[CachedAgentProxy] AgentProxy返回的消息ID: 10dd1609-2cb9-4ca2-a2e5-9dc2a047c698
[LangChainChatAdapter] streamMessage called
[LangChainChatAdapter] _chatModel: openai-chat
[LangChainChatAdapter] _providerConfig: ProviderConfig(provider: LLMProvider.openai, model: mimo-v2-pro)
[LangChainChatAdapter] currentEmployeeUuid: test-1775596591388
[LangChainChatAdapter] 使用客户端提供的消息ID: 10dd1609-2cb9-4ca2-a2e5-9dc2a047c698
[LangChainChatAdapter] calling LLM, messages count: 3, hasTools: false
[PersistenceQueue] Task completed: PersistenceTaskType.message (msg_c6777375-1ba4-40b9-9ad2-590bb8f2db78_1775596614493)
[PersistenceQueue] Queue empty, processing stopped
[PersistentChatAdapter] response: CHUNK: 收到
[MessageProcessor] response: CHUNK: 收到
[PersistentChatAdapter] persisting new messages immediately, before: 2, now: 3
[PersistentChatAdapter] _persistNewMessages: before=2, after=3
[PersistentChatAdapter] _persistNewMessages: persisting 1 new messages
[PersistentChatAdapter] _persistNewMessages: persisting message 10dd1609-2cb9-4ca2-a2e5-9dc2a047c698
[PersistenceQueue] Task added: PersistenceTaskType.message (msg_10dd1609-2cb9-4ca2-a2e5-9dc2a047c698_1775596616255), queue length: 1
[PersistenceQueue] Starting to process queue, 1 tasks pending
[PersistenceQueue] Processing task: PersistenceTaskType.message (msg_10dd1609-2cb9-4ca2-a2e5-9dc2a047c698_1775596616255), retry: 0/3
[PersistentChatAdapter] response: CHUNK: 测试
[MessageProcessor] response: CHUNK: 测试
[PersistentChatAdapter] persisting new messages immediately, before: 2, now: 3
[PersistentChatAdapter] _persistNewMessages: before=2, after=3
[PersistentChatAdapter] _persistNewMessages: persisting 1 new messages
[PersistentChatAdapter] _persistNewMessages: message 10dd1609-2cb9-4ca2-a2e5-9dc2a047c698 already persisted, skipping
[PersistentChatAdapter] response: CHUNK: 消息 1！
[MessageProcessor] response: CHUNK: 消息 1！
[PersistentChatAdapter] persisting new messages immediately, before: 2, now: 3
[PersistentChatAdapter] _persistNewMessages: before=2, after=3
[PersistentChatAdapter] _persistNewMessages: persisting 1 new messages
[PersistentChatAdapter] _persistNewMessages: message 10dd1609-2cb9-4ca2-a2e5-9dc2a047c698 already persisted, skipping
[PersistenceQueue] Task completed: PersistenceTaskType.message (msg_10dd1609-2cb9-4ca2-a2e5-9dc2a047c698_1775596616255)
[PersistenceQueue] Queue empty, processing stopped
[PersistentChatAdapter] response: CHUNK: 一切
[MessageProcessor] response: CHUNK: 一切
[PersistentChatAdapter] persisting new messages immediately, before: 2, now: 3
[PersistentChatAdapter] _persistNewMessages: before=2, after=3
[PersistentChatAdapter] _persistNewMessages: persisting 1 new messages
[PersistentChatAdapter] _persistNewMessages: message 10dd1609-2cb9-4ca2-a2e5-9dc2a047c698 already persisted, skipping
[PersistentChatAdapter] response: CHUNK: 正常，
[MessageProcessor] response: CHUNK: 正常，
[PersistentChatAdapter] persisting new messages immediately, before: 2, now: 3
[PersistentChatAdapter] _persistNewMessages: before=2, after=3
[PersistentChatAdapter] _persistNewMessages: persisting 1 new messages
[PersistentChatAdapter] _persistNewMessages: message 10dd1609-2cb9-4ca2-a2e5-9dc2a047c698 already persisted, skipping
[PersistentChatAdapter] response: CHUNK: 我在这里随时
[MessageProcessor] response: CHUNK: 我在这里随时
[PersistentChatAdapter] persisting new messages immediately, before: 2, now: 3
[PersistentChatAdapter] _persistNewMessages: before=2, after=3
[PersistentChatAdapter] _persistNewMessages: persisting 1 new messages
[PersistentChatAdapter] _persistNewMessages: message 10dd1609-2cb9-4ca2-a2e5-9dc2a047c698 already persisted, skipping
[PersistentChatAdapter] response: CHUNK: 待命～
[MessageProcessor] response: CHUNK: 待命～
[PersistentChatAdapter] persisting new messages immediately, before: 2, now: 3
[PersistentChatAdapter] _persistNewMessages: before=2, after=3
[PersistentChatAdapter] _persistNewMessages: persisting 1 new messages
[PersistentChatAdapter] _persistNewMessages: message 10dd1609-2cb9-4ca2-a2e5-9dc2a047c698 already persisted, skipping
[PersistentChatAdapter] response: CHUNK: 如果你有任何
[MessageProcessor] response: CHUNK: 如果你有任何
[PersistentChatAdapter] persisting new messages immediately, before: 2, now: 3
[PersistentChatAdapter] _persistNewMessages: before=2, after=3
[PersistentChatAdapter] _persistNewMessages: persisting 1 new messages
[PersistentChatAdapter] _persistNewMessages: message 10dd1609-2cb9-4ca2-a2e5-9dc2a047c698 already persisted, skipping
[PersistentChatAdapter] response: CHUNK: 问题或
[MessageProcessor] response: CHUNK: 问题或
[PersistentChatAdapter] persisting new messages immediately, before: 2, now: 3
[PersistentChatAdapter] _persistNewMessages: before=2, after=3
[PersistentChatAdapter] _persistNewMessages: persisting 1 new messages
[PersistentChatAdapter] _persistNewMessages: message 10dd1609-2cb9-4ca2-a2e5-9dc2a047c698 already persisted, skipping
[PersistentChatAdapter] response: CHUNK: 需要帮助
[MessageProcessor] response: CHUNK: 需要帮助
[PersistentChatAdapter] persisting new messages immediately, before: 2, now: 3
[PersistentChatAdapter] _persistNewMessages: before=2, after=3
[PersistentChatAdapter] _persistNewMessages: persisting 1 new messages
[PersistentChatAdapter] _persistNewMessages: message 10dd1609-2cb9-4ca2-a2e5-9dc2a047c698 already persisted, skipping
[PersistentChatAdapter] response: CHUNK: ，随时告诉我
[MessageProcessor] response: CHUNK: ，随时告诉我
[PersistentChatAdapter] persisting new messages immediately, before: 2, now: 3
[PersistentChatAdapter] _persistNewMessages: before=2, after=3
[PersistentChatAdapter] _persistNewMessages: persisting 1 new messages
[PersistentChatAdapter] _persistNewMessages: message 10dd1609-2cb9-4ca2-a2e5-9dc2a047c698 already persisted, skipping
[PersistentChatAdapter] response: CHUNK: 哦！😊
[MessageProcessor] response: CHUNK: 哦！😊
[PersistentChatAdapter] persisting new messages immediately, before: 2, now: 3
[PersistentChatAdapter] _persistNewMessages: before=2, after=3
[PersistentChatAdapter] _persistNewMessages: persisting 1 new messages
[PersistentChatAdapter] _persistNewMessages: message 10dd1609-2cb9-4ca2-a2e5-9dc2a047c698 already persisted, skipping
[PersistentChatAdapter] response: DONE
[MessageProcessor] response: DONE
[MessageProcessor] message completed: 10dd1609-2cb9-4ca2-a2e5-9dc2a047c698
[PersistentChatAdapter] finally block: persisting 2 new messages
[PersistentChatAdapter] _persistNewMessages: before=2, after=4
[PersistentChatAdapter] _persistNewMessages: persisting 2 new messages
[PersistentChatAdapter] _persistNewMessages: message 10dd1609-2cb9-4ca2-a2e5-9dc2a047c698 already persisted, skipping
[PersistentChatAdapter] _persistNewMessages: persisting message 4791532e-ece0-4fcd-b6f9-b71e1dab136d
[PersistenceQueue] Task added: PersistenceTaskType.message (msg_4791532e-ece0-4fcd-b6f9-b71e1dab136d_1775596616649), queue length: 1
[PersistenceQueue] Starting to process queue, 1 tasks pending
[PersistenceQueue] Processing task: PersistenceTaskType.message (msg_4791532e-ece0-4fcd-b6f9-b71e1dab136d_1775596616649), retry: 0/3
[MessageProcessor] _processNext called, disposed: false
[MessageProcessor] queue is empty, setting status to idle
清空前消息数量: 4
[PersistenceQueue] Task completed: PersistenceTaskType.message (msg_4791532e-ece0-4fcd-b6f9-b71e1dab136d_1775596616649)
[PersistenceQueue] Queue empty, processing stopped
[PersistentChatAdapter] clearCurrentSession: 已删除 Hive 中的消息
已清空会话
清空后消息数量: 0
✅ 通过

[PersistenceQueue] Disposing, 0 tasks in queue
[PersistenceQueue] Disposed, statistics: total=4, completed=4, failed=0, remaining=0
00:25 +6: (tearDownAll)
00:25 +6: All tests passed!
